2026-02-24 12:03:44.276 Main - ARRANCANDO APLICACION
2026-02-24 12:18:49.034 Main - ARRANCANDO APLICACION
2026-02-27 08:17:29.016 Main - ARRANCANDO APLICACION
2026-02-27 08:22:19.446 Main - ARRANCANDO APLICACION
2026-02-27 08:22:59.603 Main - ARRANCANDO APLICACION
2026-02-27 08:23:25.410 Main - ARRANCANDO APLICACION
2026-02-27 08:23:35.901 Main - ARRANCANDO APLICACION
2026-02-27 08:24:47.569 Main - ARRANCANDO APLICACION
2026-02-27 08:26:27.579 Main - ARRANCANDO APLICACION
2026-02-27 08:27:37.144 Main - ARRANCANDO APLICACION
2026-02-27 08:28:34.249 Main - ARRANCANDO APLICACION
2026-02-27 08:28:55.827 Main - ARRANCANDO APLICACION
2026-02-27 08:29:09.771 Main - ARRANCANDO APLICACION
2026-02-27 08:29:18.678 Main - ARRANCANDO APLICACION
2026-02-27 08:30:02.674 Main - ARRANCANDO APLICACION
2026-02-27 08:30:27.106 Main - ARRANCANDO APLICACION
2026-02-27 08:35:02.104 Main - ARRANCANDO APLICACION
2026-02-27 08:37:20.490 Main - ARRANCANDO APLICACION
2026-02-27 08:38:35.686 Main - ARRANCANDO APLICACION
2026-02-27 08:38:58.673 Main - ARRANCANDO APLICACION
2026-02-27 08:40:20.007 Main - ARRANCANDO APLICACION
2026-02-27 08:40:38.139 Main - ARRANCANDO APLICACION
2026-02-27 08:44:48.401 Main - ARRANCANDO APLICACION
2026-02-27 08:46:09.990 Main - ARRANCANDO APLICACION
2026-02-27 08:47:14.104 Main - ARRANCANDO APLICACION
2026-02-27 09:05:13.291 Main - ARRANCANDO APLICACION
2026-02-27 09:07:25.107 Main - ARRANCANDO APLICACION
2026-03-02 10:56:15.319 Main - ARRANCANDO APLICACION
2026-03-03 11:41:11.962 Main - ARRANCANDO APLICACION
2026-03-03 11:41:31.674 Main - ARRANCANDO APLICACION
2026-03-03 12:03:53.331 Main - ARRANCANDO APLICACION
2026-03-03 12:05:06.690 Main - ARRANCANDO APLICACION
2026-03-03 12:08:13.754 Main - ARRANCANDO APLICACION
2026-03-03 12:11:53.283 Main - ARRANCANDO APLICACION
2026-03-03 12:12:47.923 Main - ARRANCANDO APLICACION
2026-03-03 12:14:35.957 Main - ARRANCANDO APLICACION
2026-03-03 12:15:05.889 Main - ARRANCANDO APLICACION
2026-03-03 12:17:43.139 Main - ARRANCANDO APLICACION
2026-03-03 12:18:19.558 Main - ARRANCANDO APLICACION
2026-03-03 12:21:08.728 Main - ARRANCANDO APLICACION
2026-03-03 12:34:52.125 Main - ARRANCANDO APLICACION
2026-03-03 12:35:52.630 Main - ARRANCANDO APLICACION
2026-03-03 12:36:12.222 Main - ARRANCANDO APLICACION
2026-03-03 12:37:48.193 Main - ARRANCANDO APLICACION
2026-03-03 12:38:06.794 Main - ARRANCANDO APLICACION
2026-03-03 12:38:31.967 Main - ARRANCANDO APLICACION
2026-03-03 12:44:26.308 Main - ARRANCANDO APLICACION
2026-03-03 12:46:15.426 Main - ARRANCANDO APLICACION
2026-03-03 12:48:22.711 Main - ARRANCANDO APLICACION
2026-03-03 12:55:59.046 Main - ARRANCANDO APLICACION
2026-03-03 13:00:12.160 Main - ARRANCANDO APLICACION
2026-03-03 13:04:45.960 Main - ARRANCANDO APLICACION
2026-03-03 19:35:43.540 Main - ARRANCANDO APLICACION
2026-03-03 21:09:57.164 Main - ARRANCANDO APLICACION
2026-03-03 21:12:55.764 Main - ARRANCANDO APLICACION
2026-03-03 21:15:48.339 Main - ARRANCANDO APLICACION
2026-03-03 21:21:52.302 Main - ARRANCANDO APLICACION
2026-03-03 21:35:10.826 Main - ARRANCANDO APLICACION
2026-03-03 21:36:53.708 Main - ARRANCANDO APLICACION
2026-03-03 21:38:39.442 Main - ARRANCANDO APLICACION
2026-03-03 21:39:30.259 Main - ARRANCANDO APLICACION
2026-03-03 21:43:57.429 Main - ARRANCANDO APLICACION
<<<<<<< HEAD
2026-03-04 08:19:53.246 Main - ARRANCANDO APLICACION
2026-03-04 08:24:30.937 Main - ARRANCANDO APLICACION
2026-03-04 08:29:07.320 Main - ARRANCANDO APLICACION
2026-03-04 08:29:28.194 Main - ARRANCANDO APLICACION
2026-03-04 08:29:56.387 Main - ARRANCANDO APLICACION
2026-03-04 08:30:56.088 Main - ARRANCANDO APLICACION
2026-03-04 08:31:53.953 Main - ARRANCANDO APLICACION
2026-03-04 08:32:37.114 Main - ARRANCANDO APLICACION
2026-03-04 08:37:50.356 Main - ARRANCANDO APLICACION
2026-03-04 08:40:38.040 Main - ARRANCANDO APLICACION
2026-03-04 08:43:32.400 Main - ARRANCANDO APLICACION
2026-03-04 08:49:29.354 Main - ARRANCANDO APLICACION
2026-03-04 08:53:37.663 Main - ARRANCANDO APLICACION
2026-03-04 08:56:25.879 Main - ARRANCANDO APLICACION
2026-03-04 08:56:43.311 Main - ARRANCANDO APLICACION
2026-03-04 08:57:32.464 Main - ARRANCANDO APLICACION
2026-03-04 09:05:05.527 Main - ARRANCANDO APLICACION
2026-03-04 09:05:33.031 Main - ARRANCANDO APLICACION
2026-03-04 09:06:06.803 Main - ARRANCANDO APLICACION
2026-03-04 09:08:01.919 Main - ARRANCANDO APLICACION
2026-03-04 09:15:16.175 Main - ARRANCANDO APLICACION
2026-03-04 09:16:07.919 Main - ARRANCANDO APLICACION
2026-03-04 09:17:15.795 Main - ARRANCANDO APLICACION
2026-03-04 09:18:15.356 Main - ARRANCANDO APLICACION
2026-03-04 09:26:48.410 Main - ARRANCANDO APLICACION
2026-03-04 09:29:39.366 Main - ARRANCANDO APLICACION
2026-03-04 09:33:55.966 Main - ARRANCANDO APLICACION
2026-03-04 09:34:51.635 Main - ARRANCANDO APLICACION
2026-03-04 09:35:16.177 Main - ARRANCANDO APLICACION
2026-03-04 09:52:59.438 Main - ARRANCANDO APLICACION
=======
2026-03-04 08:33:33.925 Main - ARRANCANDO APLICACION
2026-03-04 09:28:51.844 Main - ARRANCANDO APLICACION
2026-03-04 09:30:32.614 Main - ARRANCANDO APLICACION
>>>>>>> 02fe589b87303be97b71da62b83f69732ddef392
2026-03-05 08:29:55.210 Main - ARRANCANDO APLICACION
2026-03-05 08:36:53.154 Main - ARRANCANDO APLICACION
2026-03-05 20:56:11.192 Main - ARRANCANDO APLICACION
2026-03-06 08:16:13.739 Main - ARRANCANDO APLICACION
2026-03-06 08:19:08.134 Main - ARRANCANDO APLICACION
2026-03-06 08:19:57.168 Main - ARRANCANDO APLICACION
2026-03-06 08:21:18.857 Main - ARRANCANDO APLICACION
2026-03-06 08:22:23.587 Main - ARRANCANDO APLICACION
2026-03-06 08:25:05.454 Main - ARRANCANDO APLICACION
2026-03-06 08:28:12.629 Main - ARRANCANDO APLICACION
2026-03-06 08:38:05.369 Main - ARRANCANDO APLICACION
2026-03-06 09:17:09.132 Main - ARRANCANDO APLICACION
2026-03-06 09:17:34.276 Main - ARRANCANDO APLICACION
2026-03-06 09:19:43.507 Main - ARRANCANDO APLICACION
2026-03-06 09:20:52.101 Main - ARRANCANDO APLICACION
2026-03-06 09:23:48.198 Main - ARRANCANDO APLICACION
2026-03-06 09:37:36.677 Main - ARRANCANDO APLICACION
2026-03-06 09:38:03.406 Main - ARRANCANDO APLICACION
2026-03-06 09:46:11.353 Main - ARRANCANDO APLICACION
2026-03-06 09:49:09.005 Main - ARRANCANDO APLICACION
2026-03-06 09:52:09.390 Main - ARRANCANDO APLICACION
2026-03-06 09:53:18.638 Main - ARRANCANDO APLICACION
2026-03-06 09:54:03.607 Main - ARRANCANDO APLICACION
2026-03-06 09:56:46.756 Main - ARRANCANDO APLICACION
2026-03-06 10:01:34.401 Main - ARRANCANDO APLICACION
2026-03-06 10:02:43.908 Main - ARRANCANDO APLICACION
2026-03-06 10:03:15.266 Main - ARRANCANDO APLICACION
2026-03-09 10:04:05.393 Main - ARRANCANDO APLICACION
2026-03-09 10:08:48.682 Main - ARRANCANDO APLICACION
2026-03-09 10:10:09.356 Main - ARRANCANDO APLICACION
2026-03-09 10:10:47.153 Main - ARRANCANDO APLICACION
2026-03-09 10:15:12.251 Main - ARRANCANDO APLICACION
2026-03-09 10:18:20.821 Main - ARRANCANDO APLICACION
2026-03-09 10:19:47.793 Main - ARRANCANDO APLICACION
2026-03-09 10:23:52.640 Main - ARRANCANDO APLICACION
2026-03-09 10:27:55.204 Main - ARRANCANDO APLICACION
2026-03-09 10:31:51.668 Main - ARRANCANDO APLICACION
2026-03-09 10:34:19.130 Main - ARRANCANDO APLICACION
2026-03-09 10:35:18.630 Main - ARRANCANDO APLICACION
2026-03-09 10:36:32.699 Main - ARRANCANDO APLICACION
2026-03-09 10:37:06.759 Main - ARRANCANDO APLICACION
2026-03-09 10:37:43.302 Main - ARRANCANDO APLICACION
2026-03-09 10:39:31.762 Main - ARRANCANDO APLICACION
2026-03-09 10:42:31.183 Main - ARRANCANDO APLICACION
2026-03-09 10:43:31.585 Main - ARRANCANDO APLICACION
2026-03-09 10:48:34.140 Main - ARRANCANDO APLICACION
2026-03-09 22:23:01.452 Main - ARRANCANDO APLICACION
2026-03-09 22:23:05.734 FiltroController - Filtro after
2026-03-09 22:23:05.735 FiltroController - /
2026-03-09 22:23:05.779 FiltroController - Filtro after
2026-03-09 22:23:05.780 FiltroController - /img/Iconos/logooo.png
2026-03-09 22:23:05.857 FiltroController - Filtro after
2026-03-09 22:23:05.858 FiltroController - /favicon.ico
2026-03-09 22:23:09.639 FiltroController - Filtro after
2026-03-09 22:23:09.640 FiltroController - /login
2026-03-09 22:23:09.663 FiltroController - Filtro after
2026-03-09 22:23:09.663 FiltroController - /inicio
2026-03-09 22:23:09.705 FiltroController - Filtro after
2026-03-09 22:23:09.708 FiltroController - Filtro after
2026-03-09 22:23:09.708 FiltroController - /img/Iconos/formula1.jpg
2026-03-09 22:23:09.706 FiltroController - /img/Iconos/logooo.png
2026-03-09 22:23:09.709 FiltroController - Filtro after
2026-03-09 22:23:09.710 FiltroController - Filtro after
2026-03-09 22:23:09.710 FiltroController - /img/Iconos/perfil.png
2026-03-09 22:23:09.711 FiltroController - /css/Styles.css
2026-03-09 22:23:11.080 FiltroController - Filtro after
2026-03-09 22:23:11.081 FiltroController - /pilotos
2026-03-09 22:23:11.112 FiltroController - Filtro after
2026-03-09 22:23:11.112 FiltroController - /css/Styles.css
2026-03-09 22:23:11.115 FiltroController - Filtro after
2026-03-09 22:23:11.115 FiltroController - /img/Iconos/perfil.png
2026-03-09 22:23:11.117 FiltroController - Filtro after
2026-03-09 22:23:11.118 FiltroController - /img/Iconos/logooo.png
2026-03-09 22:23:13.247 FiltroController - Filtro after
2026-03-09 22:23:13.247 FiltroController - /crear-piloto
2026-03-09 22:23:13.281 FiltroController - Filtro after
2026-03-09 22:23:13.281 FiltroController - Filtro after
2026-03-09 22:23:13.281 FiltroController - /img/Iconos/logooo.png
2026-03-09 22:23:13.281 FiltroController - /css/Styles.css
2026-03-09 22:23:13.282 FiltroController - Filtro after
2026-03-09 22:23:13.282 FiltroController - /img/Iconos/perfil.png
2026-03-09 22:23:19.801 FiltroController - Filtro after
2026-03-09 22:23:19.801 FiltroController - /crear-piloto
2026-03-09 22:23:19.810 FiltroController - Filtro after
2026-03-09 22:23:19.810 FiltroController - /pilotos
2026-03-09 22:23:19.847 FiltroController - Filtro after
2026-03-09 22:23:19.847 FiltroController - /css/Styles.css
2026-03-09 22:23:19.847 FiltroController - Filtro after
2026-03-09 22:23:19.847 FiltroController - Filtro after
2026-03-09 22:23:19.848 FiltroController - /img/Iconos/logooo.png
2026-03-09 22:23:19.848 FiltroController - /img/Iconos/perfil.png
2026-03-09 22:23:23.427 FiltroController - Filtro after
2026-03-09 22:23:23.427 FiltroController - /inicio
2026-03-09 22:23:23.460 FiltroController - Filtro after
2026-03-09 22:23:23.460 FiltroController - /css/Styles.css
2026-03-09 22:23:23.461 FiltroController - Filtro after
2026-03-09 22:23:23.462 FiltroController - Filtro after
2026-03-09 22:23:23.462 FiltroController - /img/Iconos/perfil.png
2026-03-09 22:23:23.462 FiltroController - /img/Iconos/logooo.png
2026-03-09 22:23:23.462 FiltroController - Filtro after
2026-03-09 22:23:23.463 FiltroController - /img/Iconos/formula1.jpg
2026-03-09 22:23:24.497 FiltroController - Filtro after
2026-03-09 22:23:24.497 FiltroController - /equipos
2026-03-09 22:23:24.531 FiltroController - Filtro after
2026-03-09 22:23:24.531 FiltroController - Filtro after
2026-03-09 22:23:24.531 FiltroController - /img/Iconos/logooo.png
2026-03-09 22:23:24.531 FiltroController - /css/Styles.css
2026-03-09 22:23:24.533 FiltroController - Filtro after
2026-03-09 22:23:24.533 FiltroController - /img/Iconos/perfil.png
2026-03-09 22:23:25.230 FiltroController - Filtro after
2026-03-09 22:23:25.230 FiltroController - /inicio
2026-03-09 22:23:25.270 FiltroController - Filtro after
2026-03-09 22:23:25.271 FiltroController - /css/Styles.css
2026-03-09 22:23:25.271 FiltroController - Filtro after
2026-03-09 22:23:25.271 FiltroController - /img/Iconos/logooo.png
2026-03-09 22:23:25.272 FiltroController - Filtro after
2026-03-09 22:23:25.272 FiltroController - Filtro after
2026-03-09 22:23:25.272 FiltroController - /img/Iconos/perfil.png
2026-03-09 22:23:25.272 FiltroController - /img/Iconos/formula1.jpg
2026-03-09 22:23:26.127 FiltroController - Filtro after
2026-03-09 22:23:26.127 FiltroController - /clasificacion
2026-03-09 22:38:56.681 Main - ARRANCANDO APLICACION
2026-03-09 22:39:00.596 FiltroController - Filtro after
2026-03-09 22:39:00.597 FiltroController - /
2026-03-09 22:39:00.641 FiltroController - Filtro after
2026-03-09 22:39:00.642 FiltroController - /img/Iconos/logooo.png
2026-03-09 22:39:05.142 FiltroController - Filtro after
2026-03-09 22:39:05.142 FiltroController - /login
2026-03-09 22:39:05.154 FiltroController - Filtro after
2026-03-09 22:39:05.155 FiltroController - /inicio
2026-03-09 22:39:05.198 FiltroController - Filtro after
2026-03-09 22:39:05.200 FiltroController - /css/Styles.css
2026-03-09 22:39:05.201 FiltroController - Filtro after
2026-03-09 22:39:05.201 FiltroController - Filtro after
2026-03-09 22:39:05.201 FiltroController - /img/Iconos/logooo.png
2026-03-09 22:39:05.202 FiltroController - /img/Iconos/perfil.png
2026-03-09 22:39:05.203 FiltroController - Filtro after
2026-03-09 22:39:05.203 FiltroController - /img/Iconos/formula1.jpg
2026-03-09 22:39:06.799 FiltroController - Filtro after
2026-03-09 22:39:06.799 FiltroController - /equipos
2026-03-09 22:41:48.128 Main - ARRANCANDO APLICACION
2026-03-09 22:41:51.676 FiltroController - Filtro after
2026-03-09 22:41:51.676 FiltroController - /equipos
2026-03-09 22:41:51.718 FiltroController - Filtro after
2026-03-09 22:41:51.719 FiltroController - /img/Iconos/logooo.png
2026-03-09 22:41:51.718 FiltroController - Filtro after
2026-03-09 22:41:51.719 FiltroController - /img/Iconos/perfil.png
2026-03-09 22:41:51.718 FiltroController - Filtro after
2026-03-09 22:41:51.720 FiltroController - /css/Styles.css
2026-03-09 22:43:01.510 Main - ARRANCANDO APLICACION
2026-03-09 22:43:05.858 FiltroController - Filtro after
2026-03-09 22:43:05.858 FiltroController - /equipos
2026-03-09 22:43:05.891 FiltroController - Filtro after
2026-03-09 22:43:05.892 FiltroController - /css/Styles.css
2026-03-09 22:43:05.892 FiltroController - Filtro after
2026-03-09 22:43:05.893 FiltroController - /img/Iconos/logooo.png
2026-03-09 22:43:05.893 FiltroController - Filtro after
2026-03-09 22:43:05.894 FiltroController - /img/Iconos/perfil.png
2026-03-09 22:43:06.457 FiltroController - Filtro after
2026-03-09 22:43:06.457 FiltroController - /equipos
2026-03-09 22:43:06.480 FiltroController - Filtro after
2026-03-09 22:43:06.481 FiltroController - /css/Styles.css
2026-03-09 22:43:06.481 FiltroController - Filtro after
2026-03-09 22:43:06.481 FiltroController - /img/Iconos/logooo.png
2026-03-09 22:43:06.481 FiltroController - Filtro after
2026-03-09 22:43:06.481 FiltroController - /img/Iconos/perfil.png
2026-03-09 22:43:08.917 FiltroController - Filtro after
2026-03-09 22:43:08.918 FiltroController - /equipos
2026-03-09 22:43:08.951 FiltroController - Filtro after
2026-03-09 22:43:08.951 FiltroController - Filtro after
2026-03-09 22:43:08.951 FiltroController - /img/Iconos/logooo.png
2026-03-09 22:43:08.951 FiltroController - /css/Styles.css
2026-03-09 22:43:08.952 FiltroController - Filtro after
2026-03-09 22:43:08.952 FiltroController - /img/Iconos/perfil.png
2026-03-09 22:43:11.092 FiltroController - Filtro after
2026-03-09 22:43:11.093 FiltroController - /pilotos
2026-03-09 22:43:11.126 FiltroController - Filtro after
2026-03-09 22:43:11.126 FiltroController - /css/Styles.css
2026-03-09 22:43:11.127 FiltroController - Filtro after
2026-03-09 22:43:11.127 FiltroController - Filtro after
2026-03-09 22:43:11.127 FiltroController - /img/Iconos/perfil.png
2026-03-09 22:43:11.127 FiltroController - /img/Iconos/logooo.png
2026-03-09 22:43:15.323 FiltroController - Filtro after
2026-03-09 22:43:15.324 FiltroController - /clasificacion
2026-03-09 22:43:18.754 FiltroController - Filtro after
2026-03-09 22:43:18.754 FiltroController - /grand-prix
2026-03-09 22:44:34.897 Main - ARRANCANDO APLICACION
2026-03-09 22:44:38.150 FiltroController - Filtro after
2026-03-09 22:44:38.150 FiltroController - /inicio
2026-03-09 22:44:38.186 FiltroController - Filtro after
2026-03-09 22:44:38.187 FiltroController - Filtro after
2026-03-09 22:44:38.187 FiltroController - /img/Iconos/logooo.png
2026-03-09 22:44:38.186 FiltroController - Filtro after
2026-03-09 22:44:38.187 FiltroController - /img/Iconos/perfil.png
2026-03-09 22:44:38.187 FiltroController - /css/Styles.css
2026-03-09 22:44:38.189 FiltroController - Filtro after
2026-03-09 22:44:38.190 FiltroController - /img/Iconos/formula1.jpg
2026-03-09 22:44:54.955 FiltroController - Filtro after
2026-03-09 22:44:54.956 FiltroController - /css/Styles.css
2026-03-09 22:44:54.976 FiltroController - Filtro after
2026-03-09 22:44:54.977 FiltroController - /.well-known/appspecific/com.chrome.devtools.json
2026-03-09 22:45:26.548 FiltroController - Filtro after
2026-03-09 22:45:26.548 FiltroController - /pilotos
2026-03-09 22:45:26.582 FiltroController - Filtro after
2026-03-09 22:45:26.583 FiltroController - /css/Styles.css
2026-03-09 22:45:26.583 FiltroController - Filtro after
2026-03-09 22:45:26.583 FiltroController - Filtro after
2026-03-09 22:45:26.584 FiltroController - /img/Iconos/perfil.png
2026-03-09 22:45:26.584 FiltroController - /img/Iconos/logooo.png
2026-03-09 22:45:27.667 FiltroController - Filtro after
2026-03-09 22:45:27.667 FiltroController - /crear-piloto
2026-03-09 22:45:27.701 FiltroController - Filtro after
2026-03-09 22:45:27.701 FiltroController - /css/Styles.css
2026-03-09 22:45:27.703 FiltroController - Filtro after
2026-03-09 22:45:27.703 FiltroController - Filtro after
2026-03-09 22:45:27.703 FiltroController - /img/Iconos/logooo.png
2026-03-09 22:45:27.703 FiltroController - /img/Iconos/perfil.png
2026-03-09 22:45:29.501 FiltroController - Filtro after
2026-03-09 22:45:29.501 FiltroController - /inicio
2026-03-09 22:45:29.539 FiltroController - Filtro after
2026-03-09 22:45:29.539 FiltroController - /img/Iconos/perfil.png
2026-03-09 22:45:29.539 FiltroController - Filtro after
2026-03-09 22:45:29.539 FiltroController - Filtro after
2026-03-09 22:45:29.539 FiltroController - /css/Styles.css
2026-03-09 22:45:29.539 FiltroController - /img/Iconos/logooo.png
2026-03-09 22:45:29.542 FiltroController - Filtro after
2026-03-09 22:45:29.542 FiltroController - /img/Iconos/formula1.jpg
2026-03-09 22:45:30.578 FiltroController - Filtro after
2026-03-09 22:45:30.578 FiltroController - /pilotos
2026-03-09 22:45:30.610 FiltroController - Filtro after
2026-03-09 22:45:30.610 FiltroController - /img/Iconos/perfil.png
2026-03-09 22:45:30.610 FiltroController - Filtro after
2026-03-09 22:45:30.611 FiltroController - Filtro after
2026-03-09 22:45:30.611 FiltroController - /css/Styles.css
2026-03-09 22:45:30.611 FiltroController - /img/Iconos/logooo.png
2026-03-09 22:45:39.814 FiltroController - Filtro after
2026-03-09 22:45:39.814 FiltroController - /inicio
2026-03-09 22:45:39.851 FiltroController - Filtro after
2026-03-09 22:45:39.852 FiltroController - Filtro after
2026-03-09 22:45:39.852 FiltroController - /img/Iconos/perfil.png
2026-03-09 22:45:39.852 FiltroController - /css/Styles.css
2026-03-09 22:45:39.851 FiltroController - Filtro after
2026-03-09 22:45:39.853 FiltroController - Filtro after
2026-03-09 22:45:39.853 FiltroController - /img/Iconos/formula1.jpg
2026-03-09 22:45:39.853 FiltroController - /img/Iconos/logooo.png
